C:\Users\PC\Desktop\Progra II JAVA\PROYECTOJSP\Programacion-Proyecto-2\cosmeticosmercyjsp\src\main\java\org\example\controlador\ProductoControlador.java
C:\Users\PC\Desktop\Progra II JAVA\PROYECTOJSP\Programacion-Proyecto-2\cosmeticosmercyjsp\src\main\java\org\example\controlador\UserControlador.java
C:\Users\PC\Desktop\Progra II JAVA\PROYECTOJSP\Programacion-Proyecto-2\cosmeticosmercyjsp\src\main\java\org\example\controlador\VentaControlador.java
C:\Users\PC\Desktop\Progra II JAVA\PROYECTOJSP\Programacion-Proyecto-2\cosmeticosmercyjsp\src\main\java\org\example\dao\ProductDAO.java
C:\Users\PC\Desktop\Progra II JAVA\PROYECTOJSP\Programacion-Proyecto-2\cosmeticosmercyjsp\src\main\java\org\example\dao\UserDAO.java
C:\Users\PC\Desktop\Progra II JAVA\PROYECTOJSP\Programacion-Proyecto-2\cosmeticosmercyjsp\src\main\java\org\example\dao\VentaDAO.java
C:\Users\PC\Desktop\Progra II JAVA\PROYECTOJSP\Programacion-Proyecto-2\cosmeticosmercyjsp\src\main\java\org\example\filtros\AuthenticationFilter.java
C:\Users\PC\Desktop\Progra II JAVA\PROYECTOJSP\Programacion-Proyecto-2\cosmeticosmercyjsp\src\main\java\org\example\Main.java
C:\Users\PC\Desktop\Progra II JAVA\PROYECTOJSP\Programacion-Proyecto-2\cosmeticosmercyjsp\src\main\java\org\example\modelo\Producto.java
C:\Users\PC\Desktop\Progra II JAVA\PROYECTOJSP\Programacion-Proyecto-2\cosmeticosmercyjsp\src\main\java\org\example\modelo\User.java
C:\Users\PC\Desktop\Progra II JAVA\PROYECTOJSP\Programacion-Proyecto-2\cosmeticosmercyjsp\src\main\java\org\example\modelo\Venta.java
C:\Users\PC\Desktop\Progra II JAVA\PROYECTOJSP\Programacion-Proyecto-2\cosmeticosmercyjsp\src\main\java\org\example\serverlet\LoginViewServerlet.java
C:\Users\PC\Desktop\Progra II JAVA\PROYECTOJSP\Programacion-Proyecto-2\cosmeticosmercyjsp\src\main\java\org\example\serverlet\ProductoServerlet.java
C:\Users\PC\Desktop\Progra II JAVA\PROYECTOJSP\Programacion-Proyecto-2\cosmeticosmercyjsp\src\main\java\org\example\serverlet\RegistroViewServerlet.java
C:\Users\PC\Desktop\Progra II JAVA\PROYECTOJSP\Programacion-Proyecto-2\cosmeticosmercyjsp\src\main\java\org\example\serverlet\UserServerlet.java
C:\Users\PC\Desktop\Progra II JAVA\PROYECTOJSP\Programacion-Proyecto-2\cosmeticosmercyjsp\src\main\java\org\example\serverlet\VentaServerlet.java
C:\Users\PC\Desktop\Progra II JAVA\PROYECTOJSP\Programacion-Proyecto-2\cosmeticosmercyjsp\src\main\java\org\example\servicios\IProductServicio.java
C:\Users\PC\Desktop\Progra II JAVA\PROYECTOJSP\Programacion-Proyecto-2\cosmeticosmercyjsp\src\main\java\org\example\servicios\IUserServicio.java
C:\Users\PC\Desktop\Progra II JAVA\PROYECTOJSP\Programacion-Proyecto-2\cosmeticosmercyjsp\src\main\java\org\example\servicios\ProductoServicio.java
C:\Users\PC\Desktop\Progra II JAVA\PROYECTOJSP\Programacion-Proyecto-2\cosmeticosmercyjsp\src\main\java\org\example\servicios\UserServicio.java
C:\Users\PC\Desktop\Progra II JAVA\PROYECTOJSP\Programacion-Proyecto-2\cosmeticosmercyjsp\src\main\java\org\example\servicios\VentaServicio.java
C:\Users\PC\Desktop\Progra II JAVA\PROYECTOJSP\Programacion-Proyecto-2\cosmeticosmercyjsp\src\main\java\org\example\utils\DatabaseConnection.java
